
> zaksoft-creations@ build C:\Users\HP\Desktop\ZAKSOFT Cr├®ations
> turbo run build

